[0.004s][info][gc] Using Parallel
Allocated blocks: 10
Allocated blocks: 20
Allocated blocks: 30
Allocated blocks: 40
Allocated blocks: 50
Allocated blocks: 60
Allocated blocks: 70
[3.815s][info][gc] GC(0) Pause Young (Allocation Failure) 72M->69M(276M) 14.303ms
Allocated blocks: 80
Allocated blocks: 90
Allocated blocks: 100
Allocated blocks: 110
Allocated blocks: 120
Allocated blocks: 130
Allocated blocks: 140
[7.648s][info][gc] GC(1) Pause Young (Allocation Failure) 141M->139M(276M) 17.648ms
[7.661s][info][gc] GC(2) Pause Full (Ergonomics) 139M->139M(370M) 12.659ms
Allocated blocks: 150
Allocated blocks: 160
Allocated blocks: 170
Allocated blocks: 180
Allocated blocks: 190
Allocated blocks: 200
Allocated blocks: 210
[11.589s][info][gc] GC(3) Pause Young (Allocation Failure) 211M->212M(370M) 15.593ms
Allocated blocks: 220
Allocated blocks: 230
Allocated blocks: 240
Allocated blocks: 250
Allocated blocks: 260
Allocated blocks: 270
Allocated blocks: 280
[15.523s][info][gc] GC(4) Pause Young (Allocation Failure) 283M->284M(370M) 17.179ms
[15.535s][info][gc] GC(5) Pause Full (Ergonomics) 284M->282M(425M) 11.545ms
Allocated blocks: 290
Allocated blocks: 300
Allocated blocks: 310
Allocated blocks: 320
Allocated blocks: 330
Allocated blocks: 340
Allocated blocks: 350
Allocated blocks: 360
[19.466s][info][gc] GC(6) Pause Full (Ergonomics) 354M->353M(425M) 20.781ms
Allocated blocks: 370
Allocated blocks: 380
Allocated blocks: 390
Allocated blocks: 400
Allocated blocks: 410
Allocated blocks: 420
[22.684s][info][gc] GC(7) Pause Full (Ergonomics) 412M->412M(425M) 12.996ms
[22.694s][info][gc] GC(8) Pause Full (Allocation Failure) 412M->412M(425M) 9.778ms
